Entering method logThisMethod
Leaving method logThisMethod
